{"expected_markdown": ["\n| Heading A | Heading B |\n|-----------|-----------|\n| 1         | 2         |\n| 3         | 4         |\n| 5         | 6         |\n", "\n| Heading A | Heading B | Heading C |\n|-----------|-----------|-----------|\n| x         | 11        | 12        |\n| y         | 20.5      | 30.5      |"]}